[basamicar.wixsite.com/transport.html]
[external.html]
[backblue.gif]
[fade.gif]
[static.parastorage.com/unpkg/core-js-bundle@3.2.1/minified.js]
[static.parastorage.com/unpkg/focus-within-polyfill@5.0.9/dist/focus-within-polyfill.js]
[index.html]
[polyfill.io/v3/polyfill.mind82c.js]
[browser.sentry-cdn.com/6.18.2/bundle.min.js]
[basamicar.wixsite.com/decodeURIComponent(e]
[basamicar.wixsite.com/sitemap.xml]
[basamicar.wixsite.com/feed.xml]
[static.parastorage.com/services/wix-thunderbolt/dist/bootstrap-features.36d5e27f.bundle.min.js]
[static.parastorage.com/services/wix-thunderbolt/dist/main.1487cf42.bundle.min.js]
[static.parastorage.com/unpkg/lodash@4.17.21/lodash.min.js]
[static.parastorage.com/unpkg/react@16.13.1/umd/react.production.min.js]
[static.parastorage.com/services/tag-manager-client/1.427.0/siteTags.bundle.min.js]
[basamicar.wixsite.com/version/index.html]
[basamicar.wixsite.com/index.html]
[static.parastorage.com/services/wix-perf-measure/1.756.0/wix-perf-measure.bundle.min.js]
[static.parastorage.com/unpkg/react-dom@16.13.1/umd/react-dom.production.min.js]
[basamicar.wixsite.com/da6c52cb.min.css]
[basamicar.wixsite.com/5b26625f.min.css]
[basamicar.wixsite.com/fbce49db.min.css]
[basamicar.wixsite.com/8c18f46b.chunk.min.js]
[basamicar.wixsite.com/rb_wixui.thunderbolt_bootstrap-classic.29c100d1.chunk.min.js]
[basamicar.wixsite.com/rb_wixui.thunderbolt_bootstrap.5641211f.chunk.min.css]
[basamicar.wixsite.com/rb_wixui.thunderbolt_bootstrap.8c18f46b.chunk.min.js]
[static.wixstatic.com/media/6972bc_3e0262a258f846dea17020b1684e3c74_mv2.png/v1/fill/w_165,h_17,al_c,q_85,usm_0.66_1.00_0.01,blur_2,enc_auto/Screenshot_11.png]
[static.wixstatic.com/media/6972bc_8a43937d76eb43569578ac4f6828f82d_mv2.png/v1/crop/x_84,y_0,w_63,h_45/fill/w_63,h_45,al_c,q_85,blur_3,enc_auto/Screenshot_12.png]
[static.wixstatic.com/media/6972bc_4389d60ac6504257a425bdf9ace625ae_mv2.png/v1/fill/w_233,h_13,al_c,q_85,usm_0.66_1.00_0.01,blur_2,enc_auto/Screenshot_22.png]
[static.wixstatic.com/media/6972bc_8874d73c1274416cb1186d8a950fb8f9_mv2.png/v1/crop/x_0,y_0,w_158,h_56/fill/w_127,h_45,al_c,q_85,usm_0.66_1.00_0.01,blur_3,enc_auto/TSA_logo.png]
[static.wixstatic.com/media/6972bc_a59b7b73852c4d0c8e7992e28f4606dc_mv2.png/v1/fill/w_333,h_127,al_c,q_85,usm_0.66_1.00_0.01,blur_2,enc_auto/Screenshot_17.png]
[basamicar.wixsite.com/transport/تسجيل-طلب.html]
[basamicar.wixsite.com/transport.html]
[basamicar.wixsite.com/decodeURIComponent(e.html]
[basamicar.wixsite.com/sitemap.html]
[basamicar.wixsite.com/feed.html]
[basamicar.wixsite.com/index.html]
[basamicar.wixsite.com/version/index.html]
[basamicar.wixsite.com/da6c52cb.min.html]
[basamicar.wixsite.com/5b26625f.min.html]
[basamicar.wixsite.com/fbce49db.min.html]
[basamicar.wixsite.com/8c18f46b.chunk.min.html]
[basamicar.wixsite.com/rb_wixui.thunderbolt_bootstrap-classic.29c100d1.chunk.min.html]
[basamicar.wixsite.com/rb_wixui.thunderbolt_bootstrap.5641211f.chunk.min.html]
[basamicar.wixsite.com/rb_wixui.thunderbolt_bootstrap.8c18f46b.chunk.min.html]
[static.wixstatic.com/media/6972bc_c94a9703726343afad03dcfb8a2005b8_mv2.png/v1/fill/w_452,h_146,al_c,q_85,usm_0.66_1.00_0.01,blur_2,enc_auto/Screenshot_21.png]
[basamicar.wixsite.com/transport/decodeURIComponent(e]
[basamicar.wixsite.com/transport/robots.txt]
[basamicar.wixsite.com/transport/sitemap.xml]
[basamicar.wixsite.com/transport/feed.20.delayed]
[basamicar.wixsite.com/transport/16e44c05.min.css]
[basamicar.wixsite.com/transport/version/index.html]
[basamicar.wixsite.com/transport/da6c52cb.min.css]
[basamicar.wixsite.com/transport/5b26625f.min.css]
[basamicar.wixsite.com/transport/fbce49db.min.css]
[basamicar.wixsite.com/transport/1f15f937.min.css]
[basamicar.wixsite.com/transport/3acc863e.min.css]
[basamicar.wixsite.com/transport/8c18f46b.chunk.min.js]
[basamicar.wixsite.com/transport/rb_wixui.thunderbolt_bootstrap-classic.29c100d1.chunk.min.js]
[basamicar.wixsite.com/transport/rb_wixui.thunderbolt_common-site-members-dialogs.e6a271c3.chunk.min.css]
[basamicar.wixsite.com/transport/rb_wixui.thunderbolt_common-site-members-dialogs.7a02bfac.chunk.min.js]
[basamicar.wixsite.com/transport/rb_wixui.thunderbolt_bootstrap.5641211f.chunk.min.css]
[basamicar.wixsite.com/transport/rb_wixui.thunderbolt_bootstrap.8c18f46b.chunk.min.js]
[basamicar.wixsite.com/transport/تسجيل-طلب.html]
[basamicar.wixsite.com/transport/decodeURIComponent(e.html]
[basamicar.wixsite.com/transport/robots.html]
[basamicar.wixsite.com/transport/feed.html]
[basamicar.wixsite.com/transport/version/index.html]
[basamicar.wixsite.com/transport/16e44c05.min.html]
[basamicar.wixsite.com/transport/da6c52cb.min.html]
[basamicar.wixsite.com/transport/5b26625f.min.html]
[basamicar.wixsite.com/transport/fbce49db.min.html]
[basamicar.wixsite.com/transport/1f15f937.min.html]
[basamicar.wixsite.com/transport/3acc863e.min.html]
[basamicar.wixsite.com/transport/8c18f46b.chunk.min.html]
[basamicar.wixsite.com/transport/rb_wixui.thunderbolt_bootstrap-classic.29c100d1.chunk.min.html]
[basamicar.wixsite.com/transport/rb_wixui.thunderbolt_common-site-members-dialogs.e6a271c3.chunk.min.html]
[basamicar.wixsite.com/transport/rb_wixui.thunderbolt_common-site-members-dialogs.7a02bfac.chunk.min.html]
[basamicar.wixsite.com/transport/rb_wixui.thunderbolt_bootstrap.5641211f.chunk.min.html]
[basamicar.wixsite.com/transport/rb_wixui.thunderbolt_bootstrap.8c18f46b.chunk.min.html]
[static.wixstatic.com/media/6972bc_8874d73c1274416cb1186d8a950fb8f9_mv2.png/v1/fill/w_160,h_23,al_c,q_85,usm_0.66_1.00_0.01,blur_2,enc_auto/TSA_logo.png]
